  Determining projects to restore...
  All projects are up-to-date for restore.
/home/nuggie/Documents/School/VeilingAIWebApplicatieRealNotFake/backend/Models/Specificaties.cs(15,23): warning CS8618: Non-nullable property 'Naam' must contain a non-null value when exiting constructor. Consider adding the 'required' modifier or declaring the property as nullable. [/home/nuggie/Documents/School/VeilingAIWebApplicatieRealNotFake/backend/backend.csproj]
/home/nuggie/Documents/School/VeilingAIWebApplicatieRealNotFake/backend/Models/Specificaties.cs(18,23): warning CS8618: Non-nullable property 'Beschrijving' must contain a non-null value when exiting constructor. Consider adding the 'required' modifier or declaring the property as nullable. [/home/nuggie/Documents/School/VeilingAIWebApplicatieRealNotFake/backend/backend.csproj]
/home/nuggie/Documents/School/VeilingAIWebApplicatieRealNotFake/backend/Models/ProductSpecificatie.cs(15,40): warning CS8618: Non-nullable property 'Product' must contain a non-null value when exiting constructor. Consider adding the 'required' modifier or declaring the property as nullable. [/home/nuggie/Documents/School/VeilingAIWebApplicatieRealNotFake/backend/backend.csproj]
/home/nuggie/Documents/School/VeilingAIWebApplicatieRealNotFake/backend/Models/ProductSpecificatie.cs(19,38): warning CS8618: Non-nullable property 'Specificatie' must contain a non-null value when exiting constructor. Consider adding the 'required' modifier or declaring the property as nullable. [/home/nuggie/Documents/School/VeilingAIWebApplicatieRealNotFake/backend/backend.csproj]
/home/nuggie/Documents/School/VeilingAIWebApplicatieRealNotFake/backend/Dtos/SearchQuearyDto.cs(11,23): warning CS8618: Non-nullable property 'Query' must contain a non-null value when exiting constructor. Consider adding the 'required' modifier or declaring the property as nullable. [/home/nuggie/Documents/School/VeilingAIWebApplicatieRealNotFake/backend/backend.csproj]
/home/nuggie/Documents/School/VeilingAIWebApplicatieRealNotFake/backend/Models/ProductGegevens.cs(17,23): warning CS8618: Non-nullable property 'Fotos' must contain a non-null value when exiting constructor. Consider adding the 'required' modifier or declaring the property as nullable. [/home/nuggie/Documents/School/VeilingAIWebApplicatieRealNotFake/backend/backend.csproj]
/home/nuggie/Documents/School/VeilingAIWebApplicatieRealNotFake/backend/Models/ProductGegevens.cs(19,23): warning CS8618: Non-nullable property 'ProductNaam' must contain a non-null value when exiting constructor. Consider adding the 'required' modifier or declaring the property as nullable. [/home/nuggie/Documents/School/VeilingAIWebApplicatieRealNotFake/backend/backend.csproj]
/home/nuggie/Documents/School/VeilingAIWebApplicatieRealNotFake/backend/Models/ProductGegevens.cs(21,23): warning CS8618: Non-nullable property 'ProductBeschrijving' must contain a non-null value when exiting constructor. Consider adding the 'required' modifier or declaring the property as nullable. [/home/nuggie/Documents/School/VeilingAIWebApplicatieRealNotFake/backend/backend.csproj]
/home/nuggie/Documents/School/VeilingAIWebApplicatieRealNotFake/backend/Models/ProductGegevens.cs(38,49): warning CS8618: Non-nullable property 'ProductSpecificaties' must contain a non-null value when exiting constructor. Consider adding the 'required' modifier or declaring the property as nullable. [/home/nuggie/Documents/School/VeilingAIWebApplicatieRealNotFake/backend/backend.csproj]
/home/nuggie/Documents/School/VeilingAIWebApplicatieRealNotFake/backend/Dtos/RegisterRequestDto.cs(15,23): warning CS8618: Non-nullable property 'Emailadres' must contain a non-null value when exiting constructor. Consider adding the 'required' modifier or declaring the property as nullable. [/home/nuggie/Documents/School/VeilingAIWebApplicatieRealNotFake/backend/backend.csproj]
/home/nuggie/Documents/School/VeilingAIWebApplicatieRealNotFake/backend/Dtos/RegisterRequestDto.cs(22,23): warning CS8618: Non-nullable property 'Wachtwoord' must contain a non-null value when exiting constructor. Consider adding the 'required' modifier or declaring the property as nullable. [/home/nuggie/Documents/School/VeilingAIWebApplicatieRealNotFake/backend/backend.csproj]
/home/nuggie/Documents/School/VeilingAIWebApplicatieRealNotFake/backend/Models/Locatie.cs(13,19): warning CS8618: Non-nullable property 'LocatieNaam' must contain a non-null value when exiting constructor. Consider adding the 'required' modifier or declaring the property as nullable. [/home/nuggie/Documents/School/VeilingAIWebApplicatieRealNotFake/backend/backend.csproj]
/home/nuggie/Documents/School/VeilingAIWebApplicatieRealNotFake/backend/Models/Locatie.cs(15,19): warning CS8618: Non-nullable property 'Foto' must contain a non-null value when exiting constructor. Consider adding the 'required' modifier or declaring the property as nullable. [/home/nuggie/Documents/School/VeilingAIWebApplicatieRealNotFake/backend/backend.csproj]
/home/nuggie/Documents/School/VeilingAIWebApplicatieRealNotFake/backend/Dtos/LoginRequestDto.cs(15,23): warning CS8618: Non-nullable property 'Emailadres' must contain a non-null value when exiting constructor. Consider adding the 'required' modifier or declaring the property as nullable. [/home/nuggie/Documents/School/VeilingAIWebApplicatieRealNotFake/backend/backend.csproj]
/home/nuggie/Documents/School/VeilingAIWebApplicatieRealNotFake/backend/Dtos/LoginRequestDto.cs(21,23): warning CS8618: Non-nullable property 'Wachtwoord' must contain a non-null value when exiting constructor. Consider adding the 'required' modifier or declaring the property as nullable. [/home/nuggie/Documents/School/VeilingAIWebApplicatieRealNotFake/backend/backend.csproj]
/home/nuggie/Documents/School/VeilingAIWebApplicatieRealNotFake/backend/Services/AuctionRealtimeService.cs(28,27): warning CS8618: Non-nullable field 'ProductNaam' must contain a non-null value when exiting constructor. Consider adding the 'required' modifier or declaring the field as nullable. [/home/nuggie/Documents/School/VeilingAIWebApplicatieRealNotFake/backend/backend.csproj]
/home/nuggie/Documents/School/VeilingAIWebApplicatieRealNotFake/backend/Dtos/AuthResponseDto.cs(11,19): warning CS8618: Non-nullable property 'Message' must contain a non-null value when exiting constructor. Consider adding the 'required' modifier or declaring the property as nullable. [/home/nuggie/Documents/School/VeilingAIWebApplicatieRealNotFake/backend/backend.csproj]
/home/nuggie/Documents/School/VeilingAIWebApplicatieRealNotFake/backend/Dtos/AuthResponseDto.cs(16,33): warning CS8618: Non-nullable property 'Gebruiker' must contain a non-null value when exiting constructor. Consider adding the 'required' modifier or declaring the property as nullable. [/home/nuggie/Documents/School/VeilingAIWebApplicatieRealNotFake/backend/backend.csproj]
/home/nuggie/Documents/School/VeilingAIWebApplicatieRealNotFake/backend/Dtos/AankoopResponseDto.cs(21,23): warning CS8618: Non-nullable property 'Status' must contain a non-null value when exiting constructor. Consider adding the 'required' modifier or declaring the property as nullable. [/home/nuggie/Documents/School/VeilingAIWebApplicatieRealNotFake/backend/backend.csproj]
/home/nuggie/Documents/School/VeilingAIWebApplicatieRealNotFake/backend/Services/AuctionRealtimeService.cs(52,50): warning CS8603: Possible null reference return. [/home/nuggie/Documents/School/VeilingAIWebApplicatieRealNotFake/backend/backend.csproj]
/home/nuggie/Documents/School/VeilingAIWebApplicatieRealNotFake/backend/Controllers/VerkoperController.cs(164,17): error CS1912: Duplicate initialization of member 'KvkNummer' [/home/nuggie/Documents/School/VeilingAIWebApplicatieRealNotFake/backend/backend.csproj]
/home/nuggie/Documents/School/VeilingAIWebApplicatieRealNotFake/backend/Controllers/VerkoperController.cs(220,17): error CS1912: Duplicate initialization of member 'KvkNummer' [/home/nuggie/Documents/School/VeilingAIWebApplicatieRealNotFake/backend/backend.csproj]
/home/nuggie/Documents/School/VeilingAIWebApplicatieRealNotFake/backend/Program.cs(66,32): warning CS0618: 'FluentValidationMvcConfiguration.RegisterValidatorsFromAssemblyContaining<T>(Func<AssemblyScanner.AssemblyScanResult, bool>, ServiceLifetime, bool)' is obsolete: 'RegisterValidatorsFromAssemblyContaining is deprecated. Call services.AddValidatorsFromAssemblyContaining<T> instead, which has the same effect. See https://github.com/FluentValidation/FluentValidation/issues/1963' [/home/nuggie/Documents/School/VeilingAIWebApplicatieRealNotFake/backend/backend.csproj]
/home/nuggie/Documents/School/VeilingAIWebApplicatieRealNotFake/backend/Program.cs(65,1): warning CS0618: 'FluentValidationMvcExtensions.AddFluentValidation(IMvcBuilder, Action<FluentValidationMvcConfiguration>)' is obsolete: 'Calling AddFluentValidation() is deprecated. Call services.AddFluentValidationAutoValidation().AddFluentValidationClientsideAdapters() instead, which has the same effect. For details see https://github.com/FluentValidation/FluentValidation/issues/1965' [/home/nuggie/Documents/School/VeilingAIWebApplicatieRealNotFake/backend/backend.csproj]
/home/nuggie/Documents/School/VeilingAIWebApplicatieRealNotFake/backend/Program.cs(139,34): warning CS8601: Possible null reference assignment. [/home/nuggie/Documents/School/VeilingAIWebApplicatieRealNotFake/backend/backend.csproj]

Build FAILED.

/home/nuggie/Documents/School/VeilingAIWebApplicatieRealNotFake/backend/Models/Specificaties.cs(15,23): warning CS8618: Non-nullable property 'Naam' must contain a non-null value when exiting constructor. Consider adding the 'required' modifier or declaring the property as nullable. [/home/nuggie/Documents/School/VeilingAIWebApplicatieRealNotFake/backend/backend.csproj]
/home/nuggie/Documents/School/VeilingAIWebApplicatieRealNotFake/backend/Models/Specificaties.cs(18,23): warning CS8618: Non-nullable property 'Beschrijving' must contain a non-null value when exiting constructor. Consider adding the 'required' modifier or declaring the property as nullable. [/home/nuggie/Documents/School/VeilingAIWebApplicatieRealNotFake/backend/backend.csproj]
/home/nuggie/Documents/School/VeilingAIWebApplicatieRealNotFake/backend/Models/ProductSpecificatie.cs(15,40): warning CS8618: Non-nullable property 'Product' must contain a non-null value when exiting constructor. Consider adding the 'required' modifier or declaring the property as nullable. [/home/nuggie/Documents/School/VeilingAIWebApplicatieRealNotFake/backend/backend.csproj]
/home/nuggie/Documents/School/VeilingAIWebApplicatieRealNotFake/backend/Models/ProductSpecificatie.cs(19,38): warning CS8618: Non-nullable property 'Specificatie' must contain a non-null value when exiting constructor. Consider adding the 'required' modifier or declaring the property as nullable. [/home/nuggie/Documents/School/VeilingAIWebApplicatieRealNotFake/backend/backend.csproj]
/home/nuggie/Documents/School/VeilingAIWebApplicatieRealNotFake/backend/Dtos/SearchQuearyDto.cs(11,23): warning CS8618: Non-nullable property 'Query' must contain a non-null value when exiting constructor. Consider adding the 'required' modifier or declaring the property as nullable. [/home/nuggie/Documents/School/VeilingAIWebApplicatieRealNotFake/backend/backend.csproj]
/home/nuggie/Documents/School/VeilingAIWebApplicatieRealNotFake/backend/Models/ProductGegevens.cs(17,23): warning CS8618: Non-nullable property 'Fotos' must contain a non-null value when exiting constructor. Consider adding the 'required' modifier or declaring the property as nullable. [/home/nuggie/Documents/School/VeilingAIWebApplicatieRealNotFake/backend/backend.csproj]
/home/nuggie/Documents/School/VeilingAIWebApplicatieRealNotFake/backend/Models/ProductGegevens.cs(19,23): warning CS8618: Non-nullable property 'ProductNaam' must contain a non-null value when exiting constructor. Consider adding the 'required' modifier or declaring the property as nullable. [/home/nuggie/Documents/School/VeilingAIWebApplicatieRealNotFake/backend/backend.csproj]
/home/nuggie/Documents/School/VeilingAIWebApplicatieRealNotFake/backend/Models/ProductGegevens.cs(21,23): warning CS8618: Non-nullable property 'ProductBeschrijving' must contain a non-null value when exiting constructor. Consider adding the 'required' modifier or declaring the property as nullable. [/home/nuggie/Documents/School/VeilingAIWebApplicatieRealNotFake/backend/backend.csproj]
/home/nuggie/Documents/School/VeilingAIWebApplicatieRealNotFake/backend/Models/ProductGegevens.cs(38,49): warning CS8618: Non-nullable property 'ProductSpecificaties' must contain a non-null value when exiting constructor. Consider adding the 'required' modifier or declaring the property as nullable. [/home/nuggie/Documents/School/VeilingAIWebApplicatieRealNotFake/backend/backend.csproj]
/home/nuggie/Documents/School/VeilingAIWebApplicatieRealNotFake/backend/Dtos/RegisterRequestDto.cs(15,23): warning CS8618: Non-nullable property 'Emailadres' must contain a non-null value when exiting constructor. Consider adding the 'required' modifier or declaring the property as nullable. [/home/nuggie/Documents/School/VeilingAIWebApplicatieRealNotFake/backend/backend.csproj]
/home/nuggie/Documents/School/VeilingAIWebApplicatieRealNotFake/backend/Dtos/RegisterRequestDto.cs(22,23): warning CS8618: Non-nullable property 'Wachtwoord' must contain a non-null value when exiting constructor. Consider adding the 'required' modifier or declaring the property as nullable. [/home/nuggie/Documents/School/VeilingAIWebApplicatieRealNotFake/backend/backend.csproj]
/home/nuggie/Documents/School/VeilingAIWebApplicatieRealNotFake/backend/Models/Locatie.cs(13,19): warning CS8618: Non-nullable property 'LocatieNaam' must contain a non-null value when exiting constructor. Consider adding the 'required' modifier or declaring the property as nullable. [/home/nuggie/Documents/School/VeilingAIWebApplicatieRealNotFake/backend/backend.csproj]
/home/nuggie/Documents/School/VeilingAIWebApplicatieRealNotFake/backend/Models/Locatie.cs(15,19): warning CS8618: Non-nullable property 'Foto' must contain a non-null value when exiting constructor. Consider adding the 'required' modifier or declaring the property as nullable. [/home/nuggie/Documents/School/VeilingAIWebApplicatieRealNotFake/backend/backend.csproj]
/home/nuggie/Documents/School/VeilingAIWebApplicatieRealNotFake/backend/Dtos/LoginRequestDto.cs(15,23): warning CS8618: Non-nullable property 'Emailadres' must contain a non-null value when exiting constructor. Consider adding the 'required' modifier or declaring the property as nullable. [/home/nuggie/Documents/School/VeilingAIWebApplicatieRealNotFake/backend/backend.csproj]
/home/nuggie/Documents/School/VeilingAIWebApplicatieRealNotFake/backend/Dtos/LoginRequestDto.cs(21,23): warning CS8618: Non-nullable property 'Wachtwoord' must contain a non-null value when exiting constructor. Consider adding the 'required' modifier or declaring the property as nullable. [/home/nuggie/Documents/School/VeilingAIWebApplicatieRealNotFake/backend/backend.csproj]
/home/nuggie/Documents/School/VeilingAIWebApplicatieRealNotFake/backend/Services/AuctionRealtimeService.cs(28,27): warning CS8618: Non-nullable field 'ProductNaam' must contain a non-null value when exiting constructor. Consider adding the 'required' modifier or declaring the field as nullable. [/home/nuggie/Documents/School/VeilingAIWebApplicatieRealNotFake/backend/backend.csproj]
/home/nuggie/Documents/School/VeilingAIWebApplicatieRealNotFake/backend/Dtos/AuthResponseDto.cs(11,19): warning CS8618: Non-nullable property 'Message' must contain a non-null value when exiting constructor. Consider adding the 'required' modifier or declaring the property as nullable. [/home/nuggie/Documents/School/VeilingAIWebApplicatieRealNotFake/backend/backend.csproj]
/home/nuggie/Documents/School/VeilingAIWebApplicatieRealNotFake/backend/Dtos/AuthResponseDto.cs(16,33): warning CS8618: Non-nullable property 'Gebruiker' must contain a non-null value when exiting constructor. Consider adding the 'required' modifier or declaring the property as nullable. [/home/nuggie/Documents/School/VeilingAIWebApplicatieRealNotFake/backend/backend.csproj]
/home/nuggie/Documents/School/VeilingAIWebApplicatieRealNotFake/backend/Dtos/AankoopResponseDto.cs(21,23): warning CS8618: Non-nullable property 'Status' must contain a non-null value when exiting constructor. Consider adding the 'required' modifier or declaring the property as nullable. [/home/nuggie/Documents/School/VeilingAIWebApplicatieRealNotFake/backend/backend.csproj]
/home/nuggie/Documents/School/VeilingAIWebApplicatieRealNotFake/backend/Services/AuctionRealtimeService.cs(52,50): warning CS8603: Possible null reference return. [/home/nuggie/Documents/School/VeilingAIWebApplicatieRealNotFake/backend/backend.csproj]
/home/nuggie/Documents/School/VeilingAIWebApplicatieRealNotFake/backend/Program.cs(66,32): warning CS0618: 'FluentValidationMvcConfiguration.RegisterValidatorsFromAssemblyContaining<T>(Func<AssemblyScanner.AssemblyScanResult, bool>, ServiceLifetime, bool)' is obsolete: 'RegisterValidatorsFromAssemblyContaining is deprecated. Call services.AddValidatorsFromAssemblyContaining<T> instead, which has the same effect. See https://github.com/FluentValidation/FluentValidation/issues/1963' [/home/nuggie/Documents/School/VeilingAIWebApplicatieRealNotFake/backend/backend.csproj]
/home/nuggie/Documents/School/VeilingAIWebApplicatieRealNotFake/backend/Program.cs(65,1): warning CS0618: 'FluentValidationMvcExtensions.AddFluentValidation(IMvcBuilder, Action<FluentValidationMvcConfiguration>)' is obsolete: 'Calling AddFluentValidation() is deprecated. Call services.AddFluentValidationAutoValidation().AddFluentValidationClientsideAdapters() instead, which has the same effect. For details see https://github.com/FluentValidation/FluentValidation/issues/1965' [/home/nuggie/Documents/School/VeilingAIWebApplicatieRealNotFake/backend/backend.csproj]
/home/nuggie/Documents/School/VeilingAIWebApplicatieRealNotFake/backend/Program.cs(139,34): warning CS8601: Possible null reference assignment. [/home/nuggie/Documents/School/VeilingAIWebApplicatieRealNotFake/backend/backend.csproj]
/home/nuggie/Documents/School/VeilingAIWebApplicatieRealNotFake/backend/Controllers/VerkoperController.cs(164,17): error CS1912: Duplicate initialization of member 'KvkNummer' [/home/nuggie/Documents/School/VeilingAIWebApplicatieRealNotFake/backend/backend.csproj]
/home/nuggie/Documents/School/VeilingAIWebApplicatieRealNotFake/backend/Controllers/VerkoperController.cs(220,17): error CS1912: Duplicate initialization of member 'KvkNummer' [/home/nuggie/Documents/School/VeilingAIWebApplicatieRealNotFake/backend/backend.csproj]
    23 Warning(s)
    2 Error(s)

Time Elapsed 00:00:00.85
